[
 (n1, empty # grey)
 (n2, empty # blue)
 (n3, empty # green)
 (n4, empty # red)
 (n5, empty)
|
]
