[
 (n1, empty # red)
|
 (e2, n1, n1, empty # dashed)
]
