[
 (n1, empty)
 (n2 (R), empty)
 (n3, empty)
|
 (e1, n2, n1, empty)
 (e3, n3, n2, empty)
]
