[
	( n3 (R), empty # blue)
	( n2, empty # blue)
	( n1, empty # blue)
|
]
