[
 (n1, empty)
 (n2, empty)
|
 (e2, n2, n1, empty)
 (e4, n2, n1, empty)
 (e3, n2, n2, empty)
]
