[
 (n1, empty)
 (n3, empty)
 (n4, 2)
 (n5, empty)
|
]
