[
	( n1 (R), empty )
	( n6, empty )
	( n7, empty )
	( n8, empty )
	( n9, empty )
	( n11, empty )
	( n14, empty )
	( n15, empty )
	( n16, empty )
	( n19, empty )
	( n22, empty )
	( n23, empty )
	( n24, empty )
	( n25, empty )
	( n26, empty )
	( n27, empty )
	( n29, empty )
	( n30, empty )
	( n31, empty )
	( n32, empty )
	( n33, empty )
	( n34, empty )
	( n35, empty )
	( n36, empty )
	( n37, empty )
	( n38, empty )
	( n39, empty )
	( n40, empty )
	( n41, empty )
	( n42, empty )
	( n43, empty )
	( n44, empty )
	( n45, empty )
	( n46, empty )
	( n48, empty )
	( n51, empty )
	( n52, empty )
	( n53, empty )
	( n54, empty )
	( n55, empty )
	( n60, empty )
	( n61, empty )
	( n62, empty )
	( n64, empty )
	( n65, empty )
	( n66, empty )
	( n67, empty )
	( n68, empty )
	( n69, empty )
	( n70, empty )
	( n71, empty )
	( n72, empty )
	( n73, empty )
	( n74, empty )
	( n75, empty )
	( n76, empty )
	( n77, empty )
	( n78, empty )
	( n82, empty )
	( n83, empty )
	( n84, empty )
	( n85, empty )
	( n86, empty )
	( n87, empty )
	( n88, empty )
	( n89, empty )
	( n90, empty )
	( n91, empty )
	( n92, empty )
	( n93, empty )
	( n94, empty )
	( n95, empty )
	( n96, empty )
	( n97, empty )
	( n98, empty )
	( n99, empty )
	( n100, empty )
	( n101, empty )
	( n102, empty )
	( n103, empty )
	( n104, empty )
	( n105, empty )
	( n106, empty )
	( n107, empty )
	( n108, empty )
	( n109, empty )
	( n110, empty )
	( n111, empty )
	( n112, empty )
	( n113, empty )
	( n114, empty )
	( n115, empty )
	( n116, empty )
	( n117, empty )
	( n118, empty )
	( n119, empty )
	( n120, empty )
	( n121, empty )
	( n122, empty )
	( n123, empty )
	( n124, empty )
	( n125, empty )
	( n126, empty )
	( n127, empty )
	( n128, empty )
	( n129, empty )
	( n130, empty )
	( n131, empty )
	( n132, empty )
	( n133, empty )
	( n134, empty )
	( n135, empty )
	( n136, empty )
	( n137, empty )
	( n138, empty )
	( n139, empty )
	( n140, empty )
	( n141, empty )
	( n142, empty )
	( n143, empty )
	( n144, empty )
	( n167, empty )
	( n168, empty )
	( n169, empty )
	( n171, empty )
	( n172, empty )
	( n173, empty )
	( n174, empty )
	( n175, empty )
	( n176, empty )
	( n177, empty )
	( n178, empty )
	( n179, empty )
	( n180, empty )
	( n181, empty )
	( n182, empty )
	( n183, empty )
	( n184, empty )
	( n185, empty )
	( n186, empty )
	( n187, empty )
	( n188, empty )
	( n189, empty )
	( n190, empty )
	( n191, empty )
	( n192, empty )
	( n193, empty )
	( n194, empty )
	( n195, empty )
	( n196, empty )
	( n197, empty )
	( n198, empty )
	( n199, empty )
	( n200, empty )
	( n201, empty )
	( n202, empty )
	( n203, empty )
	( n204, empty )
	( n205, empty )
	( n206, empty )
	( n207, empty )
	( n208, empty )
	( n209, empty )
	( n210, empty )
	( n211, empty )
	( n212, empty )
	( n213, empty )
	( n214, empty )
	( n215, empty )
	( n216, empty )
	( n217, empty )
	( n218, empty )
	( n219, empty )
	( n220, empty )
	( n221, empty )
	( n222, empty )
	( n223, empty )
	( n224, empty )
	( n225, empty )
	( n226, empty )
	( n227, empty )
	( n228, empty )
	( n229, empty )
	( n230, empty )
	( n231, empty )
	( n232, empty )
	( n233, empty )
	( n234, empty )
	( n235, empty )
	( n236, empty )
	( n237, empty )
	( n238, empty )
	( n239, empty )
	( n240, empty )
	( n241, empty )
	( n242, empty )
	( n243, empty )
	( n244, empty )
	( n245, empty )
	( n246, empty )
	( n247, empty )
	( n248, empty )
	( n249, empty )
	( n250, empty )
	( n251, empty )
	( n252, empty )
	( n253, empty )
	( n254, empty )
	( n255, empty )
	( n256, empty )
	( n257, empty )
	( n258, empty )
	( n259, empty )
	( n260, empty )
	( n261, empty )
	( n262, empty )
	( n263, empty )
	( n264, empty )
	( n265, empty )
	( n266, empty )
	( n267, empty )
	( n268, empty )
	( n269, empty )
	( n270, empty )
	( n271, empty )
	( n272, empty )
	( n273, empty )
	( n274, empty )
	( n275, empty )
	( n276, empty )
	( n277, empty )
	( n278, empty )
	( n279, empty )
	( n280, empty )
	( n281, empty )
	( n282, empty )
	( n283, empty )
	( n284, empty )
	( n285, empty )
	( n286, empty )
	( n287, empty )
	( n288, empty )
	( n289, empty )
	( n290, empty )
	( n291, empty )
	( n292, empty )
	( n293, empty )
	( n294, empty )
	( n295, empty )
	( n296, empty )
	( n297, empty )
	( n298, empty )
	( n299, empty )
	( n300, empty )
	( n301, empty )
	( n302, empty )
	( n303, empty )
	( n304, empty )
	( n305, empty )
	( n306, empty )
	( n307, empty )
	( n308, empty )
	( n309, empty )
	( n310, empty )
	( n311, empty )
	( n312, empty )
	( n313, empty )
	( n314, empty )
	( n316, empty )
	( n319, empty )
	( n320, empty )
	( n321, empty )
	( n322, empty )
	( n323, empty )
	( n324, empty )
	( n325, empty )
	( n326, empty )
	( n327, empty )
	( n328, empty )
	( n329, empty )
	( n330, empty )
	( n331, empty )
	( n332, empty )
	( n333, empty )
	( n334, empty )
	( n335, empty )
	( n336, empty )
	( n337, empty )
	( n338, empty )
	( n339, empty )
	( n340, empty )
	( n341, empty )
	( n342, empty )
	( n343, empty )
	( n344, empty )
	( n345, empty )
	( n346, empty )
	( n347, empty )
	( n348, empty )
	( n349, empty )
	( n350, empty )
	( n351, empty )
	( n352, empty )
	( n353, empty )
	( n354, empty )
	( n355, empty )
	( n356, empty )
	( n357, empty )
	( n358, empty )
	( n359, empty )
	( n360, empty )
	( n361, empty )
	( n362, empty )
	( n363, empty )
	( n364, empty )
	( n365, empty )
	( n366, empty )
	( n367, empty )
	( n368, empty )
	( n369, empty )
	( n370, empty )
	( n371, empty )
	( n372, empty )
	( n373, empty )
	( n374, empty )
	( n375, empty )
	( n376, empty )
	( n377, empty )
	( n378, empty )
	( n379, empty )
	( n380, empty )
	( n381, empty )
	( n382, empty )
	( n383, empty )
	( n384, empty )
	( n385, empty )
	( n386, empty )
	( n387, empty )
	( n388, empty )
	( n389, empty )
	( n390, empty )
	( n391, empty )
	( n392, empty )
	( n393, empty )
	( n394, empty )
	( n395, empty )
	( n396, empty )
	( n397, empty )
	( n398, empty )
	( n399, empty )
	( n400, empty )
	( n401, empty )
	( n402, empty )
	( n403, empty )
	( n404, empty )
	( n405, empty )
	( n406, empty )
	( n407, empty )
	( n408, empty )
	( n409, empty )
	( n410, empty )
	( n411, empty )
	( n412, empty )
	( n413, empty )
	( n490, empty )
	( n491, empty )
	( n492, empty )
|
	( e494, n490, n169, empty )
	( e495, n490, n8, empty )
	( e496, n169, n491, empty )
	( e497, n491, n490, empty )
	( e498, n8, n492, empty )
	( e499, n492, n490, empty )
	( e500, n492, n491, empty )
	( e501, n491, n167, empty )
	( e502, n167, n492, empty )
	( e503, n172, n69, empty )
	( e504, n172, n7, empty )
	( e505, n69, n175, empty )
	( e506, n175, n172, empty )
	( e507, n7, n176, empty )
	( e508, n176, n172, empty )
	( e509, n176, n175, empty )
	( e510, n175, n65, empty )
	( e511, n65, n176, empty )
	( e512, n181, n123, empty )
	( e513, n181, n6, empty )
	( e514, n123, n184, empty )
	( e515, n184, n181, empty )
	( e516, n6, n185, empty )
	( e517, n185, n181, empty )
	( e518, n185, n184, empty )
	( e519, n184, n119, empty )
	( e520, n119, n185, empty )
	( e521, n262, n130, empty )
	( e522, n262, n15, empty )
	( e523, n130, n265, empty )
	( e524, n265, n262, empty )
	( e525, n15, n266, empty )
	( e526, n266, n262, empty )
	( e527, n266, n265, empty )
	( e528, n265, n127, empty )
	( e529, n127, n266, empty )
	( e530, n271, n141, empty )
	( e531, n271, n27, empty )
	( e532, n141, n274, empty )
	( e533, n274, n271, empty )
	( e534, n27, n275, empty )
	( e535, n275, n271, empty )
	( e536, n275, n274, empty )
	( e537, n274, n137, empty )
	( e538, n137, n275, empty )
	( e539, n280, n124, empty )
	( e540, n280, n125, empty )
	( e541, n124, n283, empty )
	( e542, n283, n280, empty )
	( e543, n125, n284, empty )
	( e544, n284, n280, empty )
	( e545, n284, n283, empty )
	( e546, n283, n11, empty )
	( e547, n11, n284, empty )
	( e548, n215, n133, empty )
	( e549, n215, n134, empty )
	( e550, n133, n213, empty )
	( e551, n213, n215, empty )
	( e552, n134, n214, empty )
	( e553, n214, n215, empty )
	( e554, n214, n213, empty )
	( e555, n213, n19, empty )
	( e556, n19, n214, empty )
	( e557, n224, n97, empty )
	( e558, n224, n98, empty )
	( e559, n97, n222, empty )
	( e560, n222, n224, empty )
	( e561, n98, n223, empty )
	( e562, n223, n224, empty )
	( e563, n223, n222, empty )
	( e564, n222, n39, empty )
	( e565, n39, n223, empty )
	( e566, n323, n75, empty )
	( e567, n323, n76, empty )
	( e568, n75, n321, empty )
	( e569, n321, n323, empty )
	( e570, n76, n322, empty )
	( e571, n322, n323, empty )
	( e572, n322, n321, empty )
	( e573, n321, n30, empty )
	( e574, n30, n322, empty )
	( e575, n332, n112, empty )
	( e576, n332, n34, empty )
	( e577, n112, n330, empty )
	( e578, n330, n332, empty )
	( e579, n34, n331, empty )
	( e580, n331, n332, empty )
	( e581, n331, n330, empty )
	( e582, n330, n109, empty )
	( e583, n109, n331, empty )
	( e584, n334, n115, empty )
	( e585, n334, n116, empty )
	( e586, n115, n337, empty )
	( e587, n337, n334, empty )
	( e588, n116, n338, empty )
	( e589, n338, n334, empty )
	( e590, n338, n337, empty )
	( e591, n337, n60, empty )
	( e592, n60, n338, empty )
	( e593, n350, n66, empty )
	( e594, n350, n67, empty )
	( e595, n66, n348, empty )
	( e596, n348, n350, empty )
	( e597, n67, n349, empty )
	( e598, n349, n350, empty )
	( e599, n349, n348, empty )
	( e600, n348, n37, empty )
	( e601, n37, n349, empty )
	( e602, n359, n93, empty )
	( e603, n359, n94, empty )
	( e604, n93, n357, empty )
	( e605, n357, n359, empty )
	( e606, n94, n358, empty )
	( e607, n358, n359, empty )
	( e608, n358, n357, empty )
	( e609, n357, n48, empty )
	( e610, n48, n358, empty )
	( e611, n368, n102, empty )
	( e612, n368, n103, empty )
	( e613, n102, n366, empty )
	( e614, n366, n368, empty )
	( e615, n103, n367, empty )
	( e616, n367, n368, empty )
	( e617, n367, n366, empty )
	( e618, n366, n46, empty )
	( e619, n46, n367, empty )
	( e620, n377, n120, empty )
	( e621, n377, n121, empty )
	( e622, n120, n375, empty )
	( e623, n375, n377, empty )
	( e624, n121, n376, empty )
	( e625, n376, n377, empty )
	( e626, n376, n375, empty )
	( e627, n375, n38, empty )
	( e628, n38, n376, empty )
	( e629, n386, n131, empty )
	( e630, n386, n132, empty )
	( e631, n131, n384, empty )
	( e632, n384, n386, empty )
	( e633, n132, n385, empty )
	( e634, n385, n386, empty )
	( e635, n385, n384, empty )
	( e636, n384, n29, empty )
	( e637, n29, n385, empty )
	( e638, n395, n138, empty )
	( e639, n395, n139, empty )
	( e640, n138, n393, empty )
	( e641, n393, n395, empty )
	( e642, n139, n394, empty )
	( e643, n394, n395, empty )
	( e644, n394, n393, empty )
	( e645, n393, n55, empty )
	( e646, n55, n394, empty )
	( e647, n404, n84, empty )
	( e648, n404, n85, empty )
	( e649, n84, n402, empty )
	( e650, n402, n404, empty )
	( e651, n85, n403, empty )
	( e652, n403, n404, empty )
	( e653, n403, n402, empty )
	( e654, n402, n14, empty )
	( e655, n14, n403, empty )
	( e656, n413, n105, empty )
	( e657, n413, n45, empty )
	( e658, n105, n411, empty )
	( e659, n411, n413, empty )
	( e660, n45, n412, empty )
	( e661, n412, n413, empty )
	( e662, n412, n411, empty )
	( e663, n411, n101, empty )
	( e664, n101, n412, empty )
	( e665, n199, n87, empty )
	( e666, n199, n62, empty )
	( e667, n87, n202, empty )
	( e668, n202, n199, empty )
	( e669, n62, n203, empty )
	( e670, n203, n199, empty )
	( e671, n203, n202, empty )
	( e672, n202, n83, empty )
	( e673, n83, n203, empty )
	( e674, n289, n71, empty )
	( e675, n289, n52, empty )
	( e676, n71, n292, empty )
	( e677, n292, n289, empty )
	( e678, n52, n293, empty )
	( e679, n293, n289, empty )
	( e680, n293, n292, empty )
	( e681, n292, n72, empty )
	( e682, n72, n293, empty )
	( e683, n298, n107, empty )
	( e684, n298, n36, empty )
	( e685, n107, n301, empty )
	( e686, n301, n298, empty )
	( e687, n36, n302, empty )
	( e688, n302, n298, empty )
	( e689, n302, n301, empty )
	( e690, n301, n108, empty )
	( e691, n108, n302, empty )
	( e692, n307, n96, empty )
	( e693, n307, n16, empty )
	( e694, n96, n310, empty )
	( e695, n310, n307, empty )
	( e696, n16, n311, empty )
	( e697, n311, n307, empty )
	( e698, n311, n310, empty )
	( e699, n310, n92, empty )
	( e700, n92, n311, empty )
	( e701, n190, n143, empty )
	( e702, n190, n23, empty )
	( e703, n143, n193, empty )
	( e704, n193, n190, empty )
	( e705, n23, n194, empty )
	( e706, n194, n190, empty )
	( e707, n194, n193, empty )
	( e708, n193, n144, empty )
	( e709, n144, n194, empty )
	( e710, n226, n78, empty )
	( e711, n226, n25, empty )
	( e712, n78, n229, empty )
	( e713, n229, n226, empty )
	( e714, n25, n230, empty )
	( e715, n230, n226, empty )
	( e716, n230, n229, empty )
	( e717, n229, n74, empty )
	( e718, n74, n230, empty )
	( e719, n235, n113, empty )
	( e720, n235, n114, empty )
	( e721, n113, n238, empty )
	( e722, n238, n235, empty )
	( e723, n114, n239, empty )
	( e724, n239, n235, empty )
	( e725, n239, n238, empty )
	( e726, n238, n9, empty )
	( e727, n9, n239, empty )
	( e728, n251, n125, empty )
	( e729, n251, n41, empty )
	( e730, n125, n249, empty )
	( e731, n249, n251, empty )
	( e732, n41, n250, empty )
	( e733, n250, n251, empty )
	( e734, n250, n249, empty )
	( e735, n249, n126, empty )
	( e736, n126, n250, empty )
	( e737, n208, n134, empty )
	( e738, n208, n32, empty )
	( e739, n134, n211, empty )
	( e740, n211, n208, empty )
	( e741, n32, n212, empty )
	( e742, n212, n208, empty )
	( e743, n212, n211, empty )
	( e744, n211, n135, empty )
	( e745, n135, n212, empty )
	( e746, n217, n114, empty )
	( e747, n217, n54, empty )
	( e748, n114, n220, empty )
	( e749, n220, n217, empty )
	( e750, n54, n221, empty )
	( e751, n221, n217, empty )
	( e752, n221, n220, empty )
	( e753, n220, n110, empty )
	( e754, n110, n221, empty )
	( e755, n244, n75, empty )
	( e756, n244, n33, empty )
	( e757, n75, n247, empty )
	( e758, n247, n244, empty )
	( e759, n33, n248, empty )
	( e760, n248, n244, empty )
	( e761, n248, n247, empty )
	( e762, n247, n73, empty )
	( e763, n73, n248, empty )
	( e764, n324, n116, empty )
	( e765, n324, n25, empty )
	( e766, n116, n326, empty )
	( e767, n326, n324, empty )
	( e768, n25, n327, empty )
	( e769, n327, n324, empty )
	( e770, n327, n326, empty )
	( e771, n326, n117, empty )
	( e772, n117, n327, empty )
	( e773, n343, n67, empty )
	( e774, n343, n23, empty )
	( e775, n67, n346, empty )
	( e776, n346, n343, empty )
	( e777, n23, n347, empty )
	( e778, n347, n343, empty )
	( e779, n347, n346, empty )
	( e780, n346, n64, empty )
	( e781, n64, n347, empty )
	( e782, n352, n94, empty )
	( e783, n352, n27, empty )
	( e784, n94, n355, empty )
	( e785, n355, n352, empty )
	( e786, n27, n356, empty )
	( e787, n356, n352, empty )
	( e788, n356, n355, empty )
	( e789, n355, n91, empty )
	( e790, n91, n356, empty )
	( e791, n361, n103, empty )
	( e792, n361, n24, empty )
	( e793, n103, n364, empty )
	( e794, n364, n361, empty )
	( e795, n24, n365, empty )
	( e796, n365, n361, empty )
	( e797, n365, n364, empty )
	( e798, n364, n100, empty )
	( e799, n100, n365, empty )
	( e800, n370, n121, empty )
	( e801, n370, n15, empty )
	( e802, n121, n373, empty )
	( e803, n373, n370, empty )
	( e804, n15, n374, empty )
	( e805, n374, n370, empty )
	( e806, n374, n373, empty )
	( e807, n373, n118, empty )
	( e808, n118, n374, empty )
	( e809, n379, n132, empty )
	( e810, n379, n22, empty )
	( e811, n132, n382, empty )
	( e812, n382, n379, empty )
	( e813, n22, n383, empty )
	( e814, n383, n379, empty )
	( e815, n383, n382, empty )
	( e816, n382, n128, empty )
	( e817, n128, n383, empty )
	( e818, n388, n139, empty )
	( e819, n388, n6, empty )
	( e820, n139, n391, empty )
	( e821, n391, n388, empty )
	( e822, n6, n392, empty )
	( e823, n392, n388, empty )
	( e824, n392, n391, empty )
	( e825, n391, n136, empty )
	( e826, n136, n392, empty )
	( e827, n397, n84, empty )
	( e828, n397, n42, empty )
	( e829, n84, n400, empty )
	( e830, n400, n397, empty )
	( e831, n42, n401, empty )
	( e832, n401, n397, empty )
	( e833, n401, n400, empty )
	( e834, n400, n82, empty )
	( e835, n82, n401, empty )
	( e836, n405, n168, empty )
	( e837, n405, n169, empty )
	( e838, n168, n407, empty )
	( e839, n407, n405, empty )
	( e840, n169, n408, empty )
	( e841, n408, n405, empty )
	( e842, n408, n407, empty )
	( e843, n407, n60, empty )
	( e844, n60, n408, empty )
	( e845, n179, n68, empty )
	( e846, n179, n69, empty )
	( e847, n68, n177, empty )
	( e848, n177, n179, empty )
	( e849, n69, n178, empty )
	( e850, n178, n179, empty )
	( e851, n178, n177, empty )
	( e852, n177, n37, empty )
	( e853, n37, n178, empty )
	( e854, n188, n88, empty )
	( e855, n188, n89, empty )
	( e856, n88, n186, empty )
	( e857, n186, n188, empty )
	( e858, n89, n187, empty )
	( e859, n187, n188, empty )
	( e860, n187, n186, empty )
	( e861, n186, n46, empty )
	( e862, n46, n187, empty )
	( e863, n260, n122, empty )
	( e864, n260, n123, empty )
	( e865, n122, n258, empty )
	( e866, n258, n260, empty )
	( e867, n123, n259, empty )
	( e868, n259, n260, empty )
	( e869, n259, n258, empty )
	( e870, n258, n38, empty )
	( e871, n38, n259, empty )
	( e872, n269, n129, empty )
	( e873, n269, n130, empty )
	( e874, n129, n267, empty )
	( e875, n267, n269, empty )
	( e876, n130, n268, empty )
	( e877, n268, n269, empty )
	( e878, n268, n267, empty )
	( e879, n267, n29, empty )
	( e880, n29, n268, empty )
	( e881, n278, n140, empty )
	( e882, n278, n141, empty )
	( e883, n140, n276, empty )
	( e884, n276, n278, empty )
	( e885, n141, n277, empty )
	( e886, n277, n278, empty )
	( e887, n277, n276, empty )
	( e888, n276, n55, empty )
	( e889, n55, n277, empty )
	( e890, n287, n111, empty )
	( e891, n287, n112, empty )
	( e892, n111, n285, empty )
	( e893, n285, n287, empty )
	( e894, n112, n286, empty )
	( e895, n286, n287, empty )
	( e896, n286, n285, empty )
	( e897, n285, n14, empty )
	( e898, n14, n286, empty )
	( e899, n341, n104, empty )
	( e900, n341, n44, empty )
	( e901, n104, n339, empty )
	( e902, n339, n341, empty )
	( e903, n44, n340, empty )
	( e904, n340, n341, empty )
	( e905, n340, n339, empty )
	( e906, n339, n101, empty )
	( e907, n101, n340, empty )
	( e908, n198, n86, empty )
	( e909, n198, n61, empty )
	( e910, n86, n200, empty )
	( e911, n200, n198, empty )
	( e912, n61, n201, empty )
	( e913, n201, n198, empty )
	( e914, n201, n200, empty )
	( e915, n200, n83, empty )
	( e916, n83, n201, empty )
	( e917, n288, n70, empty )
	( e918, n288, n51, empty )
	( e919, n70, n290, empty )
	( e920, n290, n288, empty )
	( e921, n51, n291, empty )
	( e922, n291, n288, empty )
	( e923, n291, n290, empty )
	( e924, n290, n72, empty )
	( e925, n72, n291, empty )
	( e926, n297, n106, empty )
	( e927, n297, n35, empty )
	( e928, n106, n299, empty )
	( e929, n299, n297, empty )
	( e930, n35, n300, empty )
	( e931, n300, n297, empty )
	( e932, n300, n299, empty )
	( e933, n299, n108, empty )
	( e934, n108, n300, empty )
	( e935, n306, n95, empty )
	( e936, n306, n52, empty )
	( e937, n95, n308, empty )
	( e938, n308, n306, empty )
	( e939, n52, n309, empty )
	( e940, n309, n306, empty )
	( e941, n309, n308, empty )
	( e942, n308, n92, empty )
	( e943, n92, n309, empty )
	( e944, n189, n142, empty )
	( e945, n189, n43, empty )
	( e946, n142, n191, empty )
	( e947, n191, n189, empty )
	( e948, n43, n192, empty )
	( e949, n192, n189, empty )
	( e950, n192, n191, empty )
	( e951, n191, n144, empty )
	( e952, n144, n192, empty )
	( e953, n225, n77, empty )
	( e954, n225, n34, empty )
	( e955, n77, n227, empty )
	( e956, n227, n225, empty )
	( e957, n34, n228, empty )
	( e958, n228, n225, empty )
	( e959, n228, n227, empty )
	( e960, n227, n74, empty )
	( e961, n74, n228, empty )
	( e962, n234, n89, empty )
	( e963, n234, n16, empty )
	( e964, n89, n236, empty )
	( e965, n236, n234, empty )
	( e966, n16, n237, empty )
	( e967, n237, n234, empty )
	( e968, n237, n236, empty )
	( e969, n236, n90, empty )
	( e970, n90, n237, empty )
	( e971, n253, n86, empty )
	( e972, n253, n87, empty )
	( e973, n86, n256, empty )
	( e974, n256, n253, empty )
	( e975, n87, n257, empty )
	( e976, n257, n253, empty )
	( e977, n257, n256, empty )
	( e978, n256, n26, empty )
	( e979, n26, n257, empty )
	( e980, n296, n98, empty )
	( e981, n296, n22, empty )
	( e982, n98, n294, empty )
	( e983, n294, n296, empty )
	( e984, n22, n295, empty )
	( e985, n295, n296, empty )
	( e986, n295, n294, empty )
	( e987, n294, n99, empty )
	( e988, n99, n295, empty )
	( e989, n316, n168, empty )
	( e990, n316, n62, empty )
	( e991, n168, n319, empty )
	( e992, n319, n316, empty )
	( e993, n62, n320, empty )
	( e994, n320, n316, empty )
	( e995, n320, n319, empty )
	( e996, n319, n167, empty )
	( e997, n167, n320, empty )
	( e998, n171, n68, empty )
	( e999, n171, n36, empty )
	( e1000, n68, n173, empty )
	( e1001, n173, n171, empty )
	( e1002, n36, n174, empty )
	( e1003, n174, n171, empty )
	( e1004, n174, n173, empty )
	( e1005, n173, n65, empty )
	( e1006, n65, n174, empty )
	( e1007, n180, n129, empty )
	( e1008, n180, n32, empty )
	( e1009, n129, n182, empty )
	( e1010, n182, n180, empty )
	( e1011, n32, n183, empty )
	( e1012, n183, n180, empty )
	( e1013, n183, n182, empty )
	( e1014, n182, n127, empty )
	( e1015, n127, n183, empty )
	( e1016, n270, n140, empty )
	( e1017, n270, n54, empty )
	( e1018, n140, n272, empty )
	( e1019, n272, n270, empty )
	( e1020, n54, n273, empty )
	( e1021, n273, n270, empty )
	( e1022, n273, n272, empty )
	( e1023, n272, n137, empty )
	( e1024, n137, n273, empty )
	( e1025, n279, n70, empty )
	( e1026, n279, n71, empty )
	( e1027, n70, n281, empty )
	( e1028, n281, n279, empty )
	( e1029, n71, n282, empty )
	( e1030, n282, n279, empty )
	( e1031, n282, n281, empty )
	( e1032, n281, n11, empty )
	( e1033, n11, n282, empty )
	( e1034, n305, n106, empty )
	( e1035, n305, n107, empty )
	( e1036, n106, n303, empty )
	( e1037, n303, n305, empty )
	( e1038, n107, n304, empty )
	( e1039, n304, n305, empty )
	( e1040, n304, n303, empty )
	( e1041, n303, n19, empty )
	( e1042, n19, n304, empty )
	( e1043, n314, n142, empty )
	( e1044, n314, n143, empty )
	( e1045, n142, n312, empty )
	( e1046, n312, n314, empty )
	( e1047, n143, n313, empty )
	( e1048, n313, n314, empty )
	( e1049, n313, n312, empty )
	( e1050, n312, n39, empty )
	( e1051, n39, n313, empty )
	( e1052, n233, n77, empty )
	( e1053, n233, n78, empty )
	( e1054, n77, n231, empty )
	( e1055, n231, n233, empty )
	( e1056, n78, n232, empty )
	( e1057, n232, n233, empty )
	( e1058, n232, n231, empty )
	( e1059, n231, n30, empty )
	( e1060, n30, n232, empty )
	( e1061, n242, n111, empty )
	( e1062, n242, n33, empty )
	( e1063, n111, n240, empty )
	( e1064, n240, n242, empty )
	( e1065, n33, n241, empty )
	( e1066, n241, n242, empty )
	( e1067, n241, n240, empty )
	( e1068, n240, n109, empty )
	( e1069, n109, n241, empty )
	( e1070, n333, n95, empty )
	( e1071, n333, n96, empty )
	( e1072, n95, n335, empty )
	( e1073, n335, n333, empty )
	( e1074, n96, n336, empty )
	( e1075, n336, n333, empty )
	( e1076, n336, n335, empty )
	( e1077, n335, n48, empty )
	( e1078, n48, n336, empty )
	( e1079, n197, n124, empty )
	( e1080, n197, n40, empty )
	( e1081, n124, n195, empty )
	( e1082, n195, n197, empty )
	( e1083, n40, n196, empty )
	( e1084, n196, n197, empty )
	( e1085, n196, n195, empty )
	( e1086, n195, n126, empty )
	( e1087, n126, n196, empty )
	( e1088, n207, n76, empty )
	( e1089, n207, n24, empty )
	( e1090, n76, n209, empty )
	( e1091, n209, n207, empty )
	( e1092, n24, n210, empty )
	( e1093, n210, n207, empty )
	( e1094, n210, n209, empty )
	( e1095, n209, n73, empty )
	( e1096, n73, n210, empty )
	( e1097, n325, n115, empty )
	( e1098, n325, n61, empty )
	( e1099, n115, n328, empty )
	( e1100, n328, n325, empty )
	( e1101, n61, n329, empty )
	( e1102, n329, n325, empty )
	( e1103, n329, n328, empty )
	( e1104, n328, n117, empty )
	( e1105, n117, n329, empty )
	( e1106, n342, n66, empty )
	( e1107, n342, n35, empty )
	( e1108, n66, n344, empty )
	( e1109, n344, n342, empty )
	( e1110, n35, n345, empty )
	( e1111, n345, n342, empty )
	( e1112, n345, n344, empty )
	( e1113, n344, n64, empty )
	( e1114, n64, n345, empty )
	( e1115, n351, n93, empty )
	( e1116, n351, n51, empty )
	( e1117, n93, n353, empty )
	( e1118, n353, n351, empty )
	( e1119, n51, n354, empty )
	( e1120, n354, n351, empty )
	( e1121, n354, n353, empty )
	( e1122, n353, n91, empty )
	( e1123, n91, n354, empty )
	( e1124, n360, n102, empty )
	( e1125, n360, n44, empty )
	( e1126, n102, n362, empty )
	( e1127, n362, n360, empty )
	( e1128, n44, n363, empty )
	( e1129, n363, n360, empty )
	( e1130, n363, n362, empty )
	( e1131, n362, n100, empty )
	( e1132, n100, n363, empty )
	( e1133, n369, n120, empty )
	( e1134, n369, n41, empty )
	( e1135, n120, n371, empty )
	( e1136, n371, n369, empty )
	( e1137, n41, n372, empty )
	( e1138, n372, n369, empty )
	( e1139, n372, n371, empty )
	( e1140, n371, n118, empty )
	( e1141, n118, n372, empty )
	( e1142, n378, n131, empty )
	( e1143, n378, n31, empty )
	( e1144, n131, n380, empty )
	( e1145, n380, n378, empty )
	( e1146, n31, n381, empty )
	( e1147, n381, n378, empty )
	( e1148, n381, n380, empty )
	( e1149, n380, n128, empty )
	( e1150, n128, n381, empty )
	( e1151, n387, n138, empty )
	( e1152, n387, n53, empty )
	( e1153, n138, n389, empty )
	( e1154, n389, n387, empty )
	( e1155, n53, n390, empty )
	( e1156, n390, n387, empty )
	( e1157, n390, n389, empty )
	( e1158, n389, n136, empty )
	( e1159, n136, n390, empty )
	( e1160, n396, n85, empty )
	( e1161, n396, n43, empty )
	( e1162, n85, n398, empty )
	( e1163, n398, n396, empty )
	( e1164, n43, n399, empty )
	( e1165, n399, n396, empty )
	( e1166, n399, n398, empty )
	( e1167, n398, n82, empty )
	( e1168, n82, n399, empty )
	( e1169, n406, n122, empty )
	( e1170, n406, n40, empty )
	( e1171, n122, n409, empty )
	( e1172, n409, n406, empty )
	( e1173, n40, n410, empty )
	( e1174, n410, n406, empty )
	( e1175, n410, n409, empty )
	( e1176, n409, n119, empty )
	( e1177, n119, n410, empty )
	( e1178, n261, n133, empty )
	( e1179, n261, n31, empty )
	( e1180, n133, n263, empty )
	( e1181, n263, n261, empty )
	( e1182, n31, n264, empty )
	( e1183, n264, n261, empty )
	( e1184, n264, n263, empty )
	( e1185, n263, n135, empty )
	( e1186, n135, n264, empty )
	( e1187, n216, n113, empty )
	( e1188, n216, n53, empty )
	( e1189, n113, n218, empty )
	( e1190, n218, n216, empty )
	( e1191, n53, n219, empty )
	( e1192, n219, n216, empty )
	( e1193, n219, n218, empty )
	( e1194, n218, n110, empty )
	( e1195, n110, n219, empty )
	( e1196, n243, n88, empty )
	( e1197, n243, n45, empty )
	( e1198, n88, n245, empty )
	( e1199, n245, n243, empty )
	( e1200, n45, n246, empty )
	( e1201, n246, n243, empty )
	( e1202, n246, n245, empty )
	( e1203, n245, n90, empty )
	( e1204, n90, n246, empty )
	( e1205, n252, n104, empty )
	( e1206, n252, n105, empty )
	( e1207, n104, n254, empty )
	( e1208, n254, n252, empty )
	( e1209, n105, n255, empty )
	( e1210, n255, n252, empty )
	( e1211, n255, n254, empty )
	( e1212, n254, n26, empty )
	( e1213, n26, n255, empty )
	( e1214, n206, n97, empty )
	( e1215, n206, n42, empty )
	( e1216, n97, n204, empty )
	( e1217, n204, n206, empty )
	( e1218, n42, n205, empty )
	( e1219, n205, n206, empty )
	( e1220, n205, n204, empty )
	( e1221, n204, n99, empty )
	( e1222, n99, n205, empty )
]
