[
	( n1 (R), empty )
	( n6, empty )
	( n7, empty )
	( n8, empty )
	( n9, empty )
	( n11, empty )
	( n14, empty )
	( n15, empty )
	( n16, empty )
	( n19, empty )
	( n22, empty )
	( n23, empty )
	( n24, empty )
	( n25, empty )
	( n26, empty )
	( n27, empty )
	( n30, empty )
	( n33, empty )
	( n34, empty )
	( n35, empty )
	( n36, empty )
	( n37, empty )
	( n38, empty )
	( n39, empty )
	( n40, empty )
	( n41, empty )
	( n42, empty )
	( n43, empty )
	( n44, empty )
	( n45, empty )
	( n46, empty )
	( n47, empty )
	( n48, empty )
	( n49, empty )
	( n50, empty )
	( n51, empty )
	( n52, empty )
	( n53, empty )
	( n54, empty )
	( n55, empty )
	( n60, empty )
	( n61, empty )
	( n62, empty )
	( n64, empty )
	( n65, empty )
	( n66, empty )
	( n67, empty )
	( n68, empty )
	( n69, empty )
	( n70, empty )
	( n71, empty )
	( n72, empty )
	( n73, empty )
	( n74, empty )
	( n75, empty )
	( n76, empty )
	( n77, empty )
	( n78, empty )
	( n79, empty )
	( n80, empty )
	( n81, empty )
	( n82, empty )
	( n83, empty )
	( n84, empty )
	( n85, empty )
	( n86, empty )
	( n87, empty )
	( n88, empty )
	( n89, empty )
	( n90, empty )
	( n91, empty )
	( n92, empty )
	( n93, empty )
	( n94, empty )
	( n95, empty )
	( n96, empty )
	( n97, empty )
	( n98, empty )
	( n99, empty )
	( n101, empty )
	( n104, empty )
	( n105, empty )
	( n106, empty )
	( n107, empty )
	( n108, empty )
	( n109, empty )
	( n110, empty )
	( n111, empty )
	( n112, empty )
	( n113, empty )
	( n114, empty )
	( n115, empty )
	( n116, empty )
	( n117, empty )
	( n118, empty )
	( n119, empty )
	( n120, empty )
	( n121, empty )
	( n122, empty )
	( n123, empty )
	( n124, empty )
	( n125, empty )
	( n126, empty )
	( n127, empty )
	( n128, empty )
	( n129, empty )
	( n130, empty )
	( n131, empty )
	( n132, empty )
	( n133, empty )
	( n134, empty )
	( n135, empty )
	( n136, empty )
	( n137, empty )
	( n138, empty )
	( n139, empty )
	( n140, empty )
	( n141, empty )
	( n142, empty )
	( n143, empty )
	( n144, empty )
	( n167, empty )
	( n168, empty )
	( n169, empty )
	( n171, empty )
	( n172, empty )
	( n173, empty )
	( n174, empty )
	( n175, empty )
	( n176, empty )
	( n177, empty )
	( n178, empty )
	( n179, empty )
	( n180, empty )
	( n181, empty )
	( n182, empty )
	( n183, empty )
	( n184, empty )
	( n185, empty )
	( n186, empty )
	( n187, empty )
	( n188, empty )
	( n189, empty )
	( n190, empty )
	( n191, empty )
	( n192, empty )
	( n193, empty )
	( n194, empty )
	( n195, empty )
	( n196, empty )
	( n197, empty )
	( n198, empty )
	( n199, empty )
	( n200, empty )
	( n201, empty )
	( n202, empty )
	( n203, empty )
	( n204, empty )
	( n205, empty )
	( n206, empty )
	( n207, empty )
	( n208, empty )
	( n209, empty )
	( n210, empty )
	( n211, empty )
	( n212, empty )
	( n213, empty )
	( n214, empty )
	( n215, empty )
	( n216, empty )
	( n217, empty )
	( n218, empty )
	( n219, empty )
	( n220, empty )
	( n221, empty )
	( n222, empty )
	( n223, empty )
	( n224, empty )
	( n225, empty )
	( n226, empty )
	( n227, empty )
	( n228, empty )
	( n229, empty )
	( n230, empty )
	( n231, empty )
	( n232, empty )
	( n233, empty )
	( n234, empty )
	( n235, empty )
	( n236, empty )
	( n237, empty )
	( n238, empty )
	( n239, empty )
	( n240, empty )
	( n241, empty )
	( n242, empty )
	( n243, empty )
	( n244, empty )
	( n245, empty )
	( n246, empty )
	( n247, empty )
	( n248, empty )
	( n249, empty )
	( n250, empty )
	( n251, empty )
	( n252, empty )
	( n253, empty )
	( n254, empty )
	( n255, empty )
	( n256, empty )
	( n257, empty )
	( n258, empty )
	( n259, empty )
	( n260, empty )
	( n262, empty )
	( n265, empty )
	( n266, empty )
	( n267, empty )
	( n268, empty )
	( n269, empty )
	( n270, empty )
	( n271, empty )
	( n272, empty )
	( n273, empty )
	( n274, empty )
	( n275, empty )
	( n276, empty )
	( n277, empty )
	( n278, empty )
	( n279, empty )
	( n280, empty )
	( n281, empty )
	( n282, empty )
	( n283, empty )
	( n284, empty )
	( n285, empty )
	( n286, empty )
	( n287, empty )
	( n288, empty )
	( n289, empty )
	( n290, empty )
	( n291, empty )
	( n292, empty )
	( n293, empty )
	( n294, empty )
	( n295, empty )
	( n296, empty )
	( n297, empty )
	( n298, empty )
	( n299, empty )
	( n300, empty )
	( n301, empty )
	( n302, empty )
	( n303, empty )
	( n304, empty )
	( n305, empty )
	( n306, empty )
	( n307, empty )
	( n308, empty )
	( n309, empty )
	( n310, empty )
	( n311, empty )
	( n312, empty )
	( n313, empty )
	( n314, empty )
	( n315, empty )
	( n316, empty )
	( n317, empty )
	( n318, empty )
	( n319, empty )
	( n320, empty )
	( n321, empty )
	( n322, empty )
	( n323, empty )
	( n324, empty )
	( n325, empty )
	( n326, empty )
	( n327, empty )
	( n328, empty )
	( n329, empty )
	( n330, empty )
	( n331, empty )
	( n332, empty )
	( n333, empty )
	( n334, empty )
	( n335, empty )
	( n336, empty )
	( n337, empty )
	( n338, empty )
	( n339, empty )
	( n340, empty )
	( n341, empty )
	( n342, empty )
	( n343, empty )
	( n344, empty )
	( n345, empty )
	( n346, empty )
	( n347, empty )
	( n348, empty )
	( n349, empty )
	( n350, empty )
	( n351, empty )
	( n352, empty )
	( n353, empty )
	( n354, empty )
	( n355, empty )
	( n356, empty )
	( n357, empty )
	( n358, empty )
	( n359, empty )
	( n360, empty )
	( n361, empty )
	( n362, empty )
	( n363, empty )
	( n364, empty )
	( n365, empty )
	( n366, empty )
	( n367, empty )
	( n368, empty )
	( n369, empty )
	( n370, empty )
	( n371, empty )
	( n372, empty )
	( n373, empty )
	( n374, empty )
	( n375, empty )
	( n376, empty )
	( n377, empty )
	( n378, empty )
	( n379, empty )
	( n380, empty )
	( n381, empty )
	( n382, empty )
	( n383, empty )
	( n384, empty )
	( n385, empty )
	( n386, empty )
	( n387, empty )
	( n388, empty )
	( n389, empty )
	( n390, empty )
	( n391, empty )
	( n392, empty )
	( n393, empty )
	( n394, empty )
	( n395, empty )
	( n396, empty )
	( n397, empty )
	( n398, empty )
	( n399, empty )
	( n400, empty )
	( n401, empty )
	( n402, empty )
	( n403, empty )
	( n404, empty )
	( n405, empty )
	( n406, empty )
	( n407, empty )
	( n408, empty )
	( n409, empty )
	( n410, empty )
	( n411, empty )
	( n412, empty )
	( n413, empty )
	( n490, empty )
	( n491, empty )
	( n492, empty )
|
	( e494, n490, n122, empty )
	( e495, n490, n53, empty )
	( e496, n122, n491, empty )
	( e497, n491, n490, empty )
	( e498, n53, n492, empty )
	( e499, n492, n490, empty )
	( e500, n492, n491, empty )
	( e501, n491, n119, empty )
	( e502, n119, n492, empty )
	( e503, n207, n168, empty )
	( e504, n207, n44, empty )
	( e505, n168, n209, empty )
	( e506, n209, n207, empty )
	( e507, n44, n210, empty )
	( e508, n210, n207, empty )
	( e509, n210, n209, empty )
	( e510, n209, n167, empty )
	( e511, n167, n210, empty )
	( e512, n171, n97, empty )
	( e513, n171, n33, empty )
	( e514, n97, n173, empty )
	( e515, n173, n171, empty )
	( e516, n33, n174, empty )
	( e517, n174, n171, empty )
	( e518, n174, n173, empty )
	( e519, n173, n99, empty )
	( e520, n99, n174, empty )
	( e521, n405, n71, empty )
	( e522, n405, n36, empty )
	( e523, n71, n407, empty )
	( e524, n407, n405, empty )
	( e525, n36, n408, empty )
	( e526, n408, n405, empty )
	( e527, n408, n407, empty )
	( e528, n407, n72, empty )
	( e529, n72, n408, empty )
	( e530, n397, n142, empty )
	( e531, n397, n143, empty )
	( e532, n142, n400, empty )
	( e533, n400, n397, empty )
	( e534, n143, n401, empty )
	( e535, n401, n397, empty )
	( e536, n401, n400, empty )
	( e537, n400, n19, empty )
	( e538, n19, n401, empty )
	( e539, n296, n141, empty )
	( e540, n296, n62, empty )
	( e541, n141, n294, empty )
	( e542, n294, n296, empty )
	( e543, n62, n295, empty )
	( e544, n295, n296, empty )
	( e545, n295, n294, empty )
	( e546, n294, n137, empty )
	( e547, n137, n295, empty )
	( e548, n388, n129, empty )
	( e549, n388, n130, empty )
	( e550, n129, n391, empty )
	( e551, n391, n388, empty )
	( e552, n130, n392, empty )
	( e553, n392, n388, empty )
	( e554, n392, n391, empty )
	( e555, n391, n46, empty )
	( e556, n46, n392, empty )
	( e557, n386, n121, empty )
	( e558, n386, n24, empty )
	( e559, n121, n384, empty )
	( e560, n384, n386, empty )
	( e561, n24, n385, empty )
	( e562, n385, n386, empty )
	( e563, n385, n384, empty )
	( e564, n384, n118, empty )
	( e565, n118, n385, empty )
	( e566, n370, n114, empty )
	( e567, n370, n22, empty )
	( e568, n114, n373, empty )
	( e569, n373, n370, empty )
	( e570, n22, n374, empty )
	( e571, n374, n370, empty )
	( e572, n374, n373, empty )
	( e573, n373, n110, empty )
	( e574, n110, n374, empty )
	( e575, n361, n93, empty )
	( e576, n361, n94, empty )
	( e577, n93, n364, empty )
	( e578, n364, n361, empty )
	( e579, n94, n365, empty )
	( e580, n365, n361, empty )
	( e581, n365, n364, empty )
	( e582, n364, n55, empty )
	( e583, n55, n365, empty )
	( e584, n359, n66, empty )
	( e585, n359, n35, empty )
	( e586, n66, n357, empty )
	( e587, n357, n359, empty )
	( e588, n35, n358, empty )
	( e589, n358, n359, empty )
	( e590, n358, n357, empty )
	( e591, n357, n64, empty )
	( e592, n64, n358, empty )
	( e593, n342, n79, empty )
	( e594, n342, n61, empty )
	( e595, n79, n344, empty )
	( e596, n344, n342, empty )
	( e597, n61, n345, empty )
	( e598, n345, n342, empty )
	( e599, n345, n344, empty )
	( e600, n344, n81, empty )
	( e601, n81, n345, empty )
	( e602, n333, n85, empty )
	( e603, n333, n52, empty )
	( e604, n85, n335, empty )
	( e605, n335, n333, empty )
	( e606, n52, n336, empty )
	( e607, n336, n333, empty )
	( e608, n336, n335, empty )
	( e609, n335, n82, empty )
	( e610, n82, n336, empty )
	( e611, n325, n87, empty )
	( e612, n325, n6, empty )
	( e613, n87, n328, empty )
	( e614, n328, n325, empty )
	( e615, n6, n329, empty )
	( e616, n329, n325, empty )
	( e617, n329, n328, empty )
	( e618, n328, n83, empty )
	( e619, n83, n329, empty )
	( e620, n316, n116, empty )
	( e621, n316, n27, empty )
	( e622, n116, n319, empty )
	( e623, n319, n316, empty )
	( e624, n27, n320, empty )
	( e625, n320, n316, empty )
	( e626, n320, n319, empty )
	( e627, n319, n117, empty )
	( e628, n117, n320, empty )
	( e629, n307, n125, empty )
	( e630, n307, n54, empty )
	( e631, n125, n310, empty )
	( e632, n310, n307, empty )
	( e633, n54, n311, empty )
	( e634, n311, n307, empty )
	( e635, n311, n310, empty )
	( e636, n310, n126, empty )
	( e637, n126, n311, empty )
	( e638, n298, n105, empty )
	( e639, n298, n45, empty )
	( e640, n105, n301, empty )
	( e641, n301, n298, empty )
	( e642, n45, n302, empty )
	( e643, n302, n298, empty )
	( e644, n302, n301, empty )
	( e645, n301, n101, empty )
	( e646, n101, n302, empty )
	( e647, n280, n134, empty )
	( e648, n280, n23, empty )
	( e649, n134, n283, empty )
	( e650, n283, n280, empty )
	( e651, n23, n284, empty )
	( e652, n284, n280, empty )
	( e653, n284, n283, empty )
	( e654, n283, n135, empty )
	( e655, n135, n284, empty )
	( e656, n271, n76, empty )
	( e657, n271, n50, empty )
	( e658, n76, n274, empty )
	( e659, n274, n271, empty )
	( e660, n50, n275, empty )
	( e661, n275, n271, empty )
	( e662, n275, n274, empty )
	( e663, n274, n73, empty )
	( e664, n73, n275, empty )
	( e665, n262, n88, empty )
	( e666, n262, n51, empty )
	( e667, n88, n265, empty )
	( e668, n265, n262, empty )
	( e669, n51, n266, empty )
	( e670, n266, n262, empty )
	( e671, n266, n265, empty )
	( e672, n265, n90, empty )
	( e673, n90, n266, empty )
	( e674, n252, n78, empty )
	( e675, n252, n7, empty )
	( e676, n78, n254, empty )
	( e677, n254, n252, empty )
	( e678, n7, n255, empty )
	( e679, n255, n252, empty )
	( e680, n255, n254, empty )
	( e681, n254, n74, empty )
	( e682, n74, n255, empty )
	( e683, n235, n96, empty )
	( e684, n235, n8, empty )
	( e685, n96, n238, empty )
	( e686, n238, n235, empty )
	( e687, n8, n239, empty )
	( e688, n239, n235, empty )
	( e689, n239, n238, empty )
	( e690, n238, n92, empty )
	( e691, n92, n239, empty )
	( e692, n226, n112, empty )
	( e693, n226, n16, empty )
	( e694, n112, n229, empty )
	( e695, n229, n226, empty )
	( e696, n16, n230, empty )
	( e697, n230, n226, empty )
	( e698, n230, n229, empty )
	( e699, n229, n109, empty )
	( e700, n109, n230, empty )
	( e701, n217, n132, empty )
	( e702, n217, n15, empty )
	( e703, n132, n220, empty )
	( e704, n220, n217, empty )
	( e705, n15, n221, empty )
	( e706, n221, n217, empty )
	( e707, n221, n220, empty )
	( e708, n220, n128, empty )
	( e709, n128, n221, empty )
	( e710, n199, n107, empty )
	( e711, n199, n25, empty )
	( e712, n107, n202, empty )
	( e713, n202, n199, empty )
	( e714, n25, n203, empty )
	( e715, n203, n199, empty )
	( e716, n203, n202, empty )
	( e717, n202, n108, empty )
	( e718, n108, n203, empty )
	( e719, n190, n139, empty )
	( e720, n190, n34, empty )
	( e721, n139, n193, empty )
	( e722, n193, n190, empty )
	( e723, n34, n194, empty )
	( e724, n194, n190, empty )
	( e725, n194, n193, empty )
	( e726, n193, n136, empty )
	( e727, n136, n194, empty )
	( e728, n181, n68, empty )
	( e729, n181, n69, empty )
	( e730, n68, n184, empty )
	( e731, n184, n181, empty )
	( e732, n69, n185, empty )
	( e733, n185, n181, empty )
	( e734, n185, n184, empty )
	( e735, n184, n9, empty )
	( e736, n9, n185, empty )
	( e737, n251, n138, empty )
	( e738, n251, n33, empty )
	( e739, n138, n249, empty )
	( e740, n249, n251, empty )
	( e741, n33, n250, empty )
	( e742, n250, n251, empty )
	( e743, n250, n249, empty )
	( e744, n249, n136, empty )
	( e745, n136, n250, empty )
	( e746, n180, n106, empty )
	( e747, n180, n50, empty )
	( e748, n106, n182, empty )
	( e749, n182, n180, empty )
	( e750, n50, n183, empty )
	( e751, n183, n180, empty )
	( e752, n183, n182, empty )
	( e753, n182, n108, empty )
	( e754, n108, n183, empty )
	( e755, n189, n111, empty )
	( e756, n189, n36, empty )
	( e757, n111, n191, empty )
	( e758, n191, n189, empty )
	( e759, n36, n192, empty )
	( e760, n192, n189, empty )
	( e761, n192, n191, empty )
	( e762, n191, n109, empty )
	( e763, n109, n192, empty )
	( e764, n216, n95, empty )
	( e765, n216, n52, empty )
	( e766, n95, n218, empty )
	( e767, n218, n216, empty )
	( e768, n52, n219, empty )
	( e769, n219, n216, empty )
	( e770, n219, n218, empty )
	( e771, n218, n92, empty )
	( e772, n92, n219, empty )
	( e773, n225, n77, empty )
	( e774, n225, n62, empty )
	( e775, n77, n227, empty )
	( e776, n227, n225, empty )
	( e777, n62, n228, empty )
	( e778, n228, n225, empty )
	( e779, n228, n227, empty )
	( e780, n227, n74, empty )
	( e781, n74, n228, empty )
	( e782, n234, n133, empty )
	( e783, n234, n34, empty )
	( e784, n133, n236, empty )
	( e785, n236, n234, empty )
	( e786, n34, n237, empty )
	( e787, n237, n234, empty )
	( e788, n237, n236, empty )
	( e789, n236, n135, empty )
	( e790, n135, n237, empty )
	( e791, n270, n104, empty )
	( e792, n270, n44, empty )
	( e793, n104, n272, empty )
	( e794, n272, n270, empty )
	( e795, n44, n273, empty )
	( e796, n273, n270, empty )
	( e797, n273, n272, empty )
	( e798, n272, n101, empty )
	( e799, n101, n273, empty )
	( e800, n279, n124, empty )
	( e801, n279, n53, empty )
	( e802, n124, n281, empty )
	( e803, n281, n279, empty )
	( e804, n53, n282, empty )
	( e805, n282, n279, empty )
	( e806, n282, n281, empty )
	( e807, n281, n126, empty )
	( e808, n126, n282, empty )
	( e809, n297, n140, empty )
	( e810, n297, n141, empty )
	( e811, n140, n299, empty )
	( e812, n299, n297, empty )
	( e813, n141, n300, empty )
	( e814, n300, n297, empty )
	( e815, n300, n299, empty )
	( e816, n299, n19, empty )
	( e817, n19, n300, empty )
	( e818, n395, n169, empty )
	( e819, n395, n6, empty )
	( e820, n169, n393, empty )
	( e821, n393, n395, empty )
	( e822, n6, n394, empty )
	( e823, n394, n395, empty )
	( e824, n394, n393, empty )
	( e825, n393, n167, empty )
	( e826, n167, n394, empty )
	( e827, n172, n123, empty )
	( e828, n172, n24, empty )
	( e829, n123, n175, empty )
	( e830, n175, n172, empty )
	( e831, n24, n176, empty )
	( e832, n176, n172, empty )
	( e833, n176, n175, empty )
	( e834, n175, n119, empty )
	( e835, n119, n176, empty )
	( e836, n208, n143, empty )
	( e837, n208, n41, empty )
	( e838, n143, n211, empty )
	( e839, n211, n208, empty )
	( e840, n41, n212, empty )
	( e841, n212, n208, empty )
	( e842, n212, n211, empty )
	( e843, n211, n144, empty )
	( e844, n144, n212, empty )
	( e845, n289, n130, empty )
	( e846, n289, n15, empty )
	( e847, n130, n292, empty )
	( e848, n292, n289, empty )
	( e849, n15, n293, empty )
	( e850, n293, n289, empty )
	( e851, n293, n292, empty )
	( e852, n292, n127, empty )
	( e853, n127, n293, empty )
	( e854, n379, n94, empty )
	( e855, n379, n16, empty )
	( e856, n94, n382, empty )
	( e857, n382, n379, empty )
	( e858, n16, n383, empty )
	( e859, n383, n379, empty )
	( e860, n383, n382, empty )
	( e861, n382, n91, empty )
	( e862, n91, n383, empty )
	( e863, n352, n97, empty )
	( e864, n352, n98, empty )
	( e865, n97, n355, empty )
	( e866, n355, n352, empty )
	( e867, n98, n356, empty )
	( e868, n356, n352, empty )
	( e869, n356, n355, empty )
	( e870, n355, n30, empty )
	( e871, n30, n356, empty )
	( e872, n413, n70, empty )
	( e873, n413, n71, empty )
	( e874, n70, n411, empty )
	( e875, n411, n413, empty )
	( e876, n71, n412, empty )
	( e877, n412, n413, empty )
	( e878, n412, n411, empty )
	( e879, n411, n11, empty )
	( e880, n11, n412, empty )
	( e881, n404, n120, empty )
	( e882, n404, n121, empty )
	( e883, n120, n402, empty )
	( e884, n402, n404, empty )
	( e885, n121, n403, empty )
	( e886, n403, n404, empty )
	( e887, n403, n402, empty )
	( e888, n402, n47, empty )
	( e889, n47, n403, empty )
	( e890, n377, n113, empty )
	( e891, n377, n114, empty )
	( e892, n113, n375, empty )
	( e893, n375, n377, empty )
	( e894, n114, n376, empty )
	( e895, n376, n377, empty )
	( e896, n376, n375, empty )
	( e897, n375, n38, empty )
	( e898, n38, n376, empty )
	( e899, n368, n66, empty )
	( e900, n368, n67, empty )
	( e901, n66, n366, empty )
	( e902, n366, n368, empty )
	( e903, n67, n367, empty )
	( e904, n367, n368, empty )
	( e905, n367, n366, empty )
	( e906, n366, n37, empty )
	( e907, n37, n367, empty )
	( e908, n350, n79, empty )
	( e909, n350, n80, empty )
	( e910, n79, n348, empty )
	( e911, n348, n350, empty )
	( e912, n80, n349, empty )
	( e913, n349, n350, empty )
	( e914, n349, n348, empty )
	( e915, n348, n60, empty )
	( e916, n60, n349, empty )
	( e917, n341, n84, empty )
	( e918, n341, n85, empty )
	( e919, n84, n339, empty )
	( e920, n339, n341, empty )
	( e921, n85, n340, empty )
	( e922, n340, n341, empty )
	( e923, n340, n339, empty )
	( e924, n339, n26, empty )
	( e925, n26, n340, empty )
	( e926, n332, n86, empty )
	( e927, n332, n87, empty )
	( e928, n86, n330, empty )
	( e929, n330, n332, empty )
	( e930, n87, n331, empty )
	( e931, n331, n332, empty )
	( e932, n331, n330, empty )
	( e933, n330, n39, empty )
	( e934, n39, n331, empty )
	( e935, n323, n75, empty )
	( e936, n323, n76, empty )
	( e937, n75, n321, empty )
	( e938, n321, n323, empty )
	( e939, n76, n322, empty )
	( e940, n322, n323, empty )
	( e941, n322, n321, empty )
	( e942, n321, n14, empty )
	( e943, n14, n322, empty )
	( e944, n269, n88, empty )
	( e945, n269, n89, empty )
	( e946, n88, n267, empty )
	( e947, n267, n269, empty )
	( e948, n89, n268, empty )
	( e949, n268, n269, empty )
	( e950, n268, n267, empty )
	( e951, n267, n48, empty )
	( e952, n48, n268, empty )
	( e953, n260, n69, empty )
	( e954, n260, n43, empty )
	( e955, n69, n258, empty )
	( e956, n258, n260, empty )
	( e957, n43, n259, empty )
	( e958, n259, n260, empty )
	( e959, n259, n258, empty )
	( e960, n258, n65, empty )
	( e961, n65, n259, empty )
	( e962, n244, n95, empty )
	( e963, n244, n96, empty )
	( e964, n95, n247, empty )
	( e965, n247, n244, empty )
	( e966, n96, n248, empty )
	( e967, n248, n244, empty )
	( e968, n248, n247, empty )
	( e969, n247, n48, empty )
	( e970, n48, n248, empty )
	( e971, n233, n138, empty )
	( e972, n233, n139, empty )
	( e973, n138, n231, empty )
	( e974, n231, n233, empty )
	( e975, n139, n232, empty )
	( e976, n232, n233, empty )
	( e977, n232, n231, empty )
	( e978, n231, n14, empty )
	( e979, n14, n232, empty )
	( e980, n188, n124, empty )
	( e981, n188, n125, empty )
	( e982, n124, n186, empty )
	( e983, n186, n188, empty )
	( e984, n125, n187, empty )
	( e985, n187, n188, empty )
	( e986, n187, n186, empty )
	( e987, n186, n26, empty )
	( e988, n26, n187, empty )
	( e989, n305, n77, empty )
	( e990, n305, n78, empty )
	( e991, n77, n303, empty )
	( e992, n303, n305, empty )
	( e993, n78, n304, empty )
	( e994, n304, n305, empty )
	( e995, n304, n303, empty )
	( e996, n303, n60, empty )
	( e997, n60, n304, empty )
	( e998, n242, n111, empty )
	( e999, n242, n112, empty )
	( e1000, n111, n240, empty )
	( e1001, n240, n242, empty )
	( e1002, n112, n241, empty )
	( e1003, n241, n242, empty )
	( e1004, n241, n240, empty )
	( e1005, n240, n37, empty )
	( e1006, n37, n241, empty )
	( e1007, n224, n106, empty )
	( e1008, n224, n107, empty )
	( e1009, n106, n222, empty )
	( e1010, n222, n224, empty )
	( e1011, n107, n223, empty )
	( e1012, n223, n224, empty )
	( e1013, n223, n222, empty )
	( e1014, n222, n47, empty )
	( e1015, n47, n223, empty )
	( e1016, n197, n104, empty )
	( e1017, n197, n105, empty )
	( e1018, n104, n195, empty )
	( e1019, n195, n197, empty )
	( e1020, n105, n196, empty )
	( e1021, n196, n197, empty )
	( e1022, n196, n195, empty )
	( e1023, n195, n11, empty )
	( e1024, n11, n196, empty )
	( e1025, n287, n133, empty )
	( e1026, n287, n134, empty )
	( e1027, n133, n285, empty )
	( e1028, n285, n287, empty )
	( e1029, n134, n286, empty )
	( e1030, n286, n287, empty )
	( e1031, n286, n285, empty )
	( e1032, n285, n30, empty )
	( e1033, n30, n286, empty )
	( e1034, n278, n93, empty )
	( e1035, n278, n54, empty )
	( e1036, n93, n276, empty )
	( e1037, n276, n278, empty )
	( e1038, n54, n277, empty )
	( e1039, n277, n278, empty )
	( e1040, n277, n276, empty )
	( e1041, n276, n91, empty )
	( e1042, n91, n277, empty )
	( e1043, n351, n129, empty )
	( e1044, n351, n45, empty )
	( e1045, n129, n353, empty )
	( e1046, n353, n351, empty )
	( e1047, n45, n354, empty )
	( e1048, n354, n351, empty )
	( e1049, n354, n353, empty )
	( e1050, n353, n127, empty )
	( e1051, n127, n354, empty )
	( e1052, n378, n131, empty )
	( e1053, n378, n41, empty )
	( e1054, n131, n380, empty )
	( e1055, n380, n378, empty )
	( e1056, n41, n381, empty )
	( e1057, n381, n378, empty )
	( e1058, n381, n380, empty )
	( e1059, n380, n128, empty )
	( e1060, n128, n381, empty )
	( e1061, n198, n89, empty )
	( e1062, n198, n25, empty )
	( e1063, n89, n200, empty )
	( e1064, n200, n198, empty )
	( e1065, n25, n201, empty )
	( e1066, n201, n198, empty )
	( e1067, n201, n200, empty )
	( e1068, n200, n90, empty )
	( e1069, n90, n201, empty )
	( e1070, n253, n115, empty )
	( e1071, n253, n43, empty )
	( e1072, n115, n256, empty )
	( e1073, n256, n253, empty )
	( e1074, n43, n257, empty )
	( e1075, n257, n253, empty )
	( e1076, n257, n256, empty )
	( e1077, n256, n117, empty )
	( e1078, n117, n257, empty )
	( e1079, n306, n86, empty )
	( e1080, n306, n42, empty )
	( e1081, n86, n308, empty )
	( e1082, n308, n306, empty )
	( e1083, n42, n309, empty )
	( e1084, n309, n306, empty )
	( e1085, n309, n308, empty )
	( e1086, n308, n83, empty )
	( e1087, n83, n309, empty )
	( e1088, n315, n84, empty )
	( e1089, n315, n51, empty )
	( e1090, n84, n317, empty )
	( e1091, n317, n315, empty )
	( e1092, n51, n318, empty )
	( e1093, n318, n315, empty )
	( e1094, n318, n317, empty )
	( e1095, n317, n82, empty )
	( e1096, n82, n318, empty )
	( e1097, n324, n80, empty )
	( e1098, n324, n23, empty )
	( e1099, n80, n326, empty )
	( e1100, n326, n324, empty )
	( e1101, n23, n327, empty )
	( e1102, n327, n324, empty )
	( e1103, n327, n326, empty )
	( e1104, n326, n81, empty )
	( e1105, n81, n327, empty )
	( e1106, n334, n67, empty )
	( e1107, n334, n27, empty )
	( e1108, n67, n337, empty )
	( e1109, n337, n334, empty )
	( e1110, n27, n338, empty )
	( e1111, n338, n334, empty )
	( e1112, n338, n337, empty )
	( e1113, n337, n64, empty )
	( e1114, n64, n338, empty )
	( e1115, n343, n122, empty )
	( e1116, n343, n123, empty )
	( e1117, n122, n346, empty )
	( e1118, n346, n343, empty )
	( e1119, n123, n347, empty )
	( e1120, n347, n343, empty )
	( e1121, n347, n346, empty )
	( e1122, n346, n55, empty )
	( e1123, n55, n347, empty )
	( e1124, n215, n113, empty )
	( e1125, n215, n40, empty )
	( e1126, n113, n213, empty )
	( e1127, n213, n215, empty )
	( e1128, n40, n214, empty )
	( e1129, n214, n215, empty )
	( e1130, n214, n213, empty )
	( e1131, n213, n110, empty )
	( e1132, n110, n214, empty )
	( e1133, n360, n120, empty )
	( e1134, n360, n49, empty )
	( e1135, n120, n362, empty )
	( e1136, n362, n360, empty )
	( e1137, n49, n363, empty )
	( e1138, n363, n360, empty )
	( e1139, n363, n362, empty )
	( e1140, n362, n118, empty )
	( e1141, n118, n363, empty )
	( e1142, n369, n168, empty )
	( e1143, n369, n169, empty )
	( e1144, n168, n371, empty )
	( e1145, n371, n369, empty )
	( e1146, n169, n372, empty )
	( e1147, n372, n369, empty )
	( e1148, n372, n371, empty )
	( e1149, n371, n46, empty )
	( e1150, n46, n372, empty )
	( e1151, n179, n140, empty )
	( e1152, n179, n61, empty )
	( e1153, n140, n177, empty )
	( e1154, n177, n179, empty )
	( e1155, n61, n178, empty )
	( e1156, n178, n179, empty )
	( e1157, n178, n177, empty )
	( e1158, n177, n137, empty )
	( e1159, n137, n178, empty )
	( e1160, n387, n70, empty )
	( e1161, n387, n35, empty )
	( e1162, n70, n389, empty )
	( e1163, n389, n387, empty )
	( e1164, n35, n390, empty )
	( e1165, n390, n387, empty )
	( e1166, n390, n389, empty )
	( e1167, n389, n72, empty )
	( e1168, n72, n390, empty )
	( e1169, n396, n98, empty )
	( e1170, n396, n22, empty )
	( e1171, n98, n398, empty )
	( e1172, n398, n396, empty )
	( e1173, n22, n399, empty )
	( e1174, n399, n396, empty )
	( e1175, n399, n398, empty )
	( e1176, n398, n99, empty )
	( e1177, n99, n399, empty )
	( e1178, n406, n68, empty )
	( e1179, n406, n42, empty )
	( e1180, n68, n409, empty )
	( e1181, n409, n406, empty )
	( e1182, n42, n410, empty )
	( e1183, n410, n406, empty )
	( e1184, n410, n409, empty )
	( e1185, n409, n65, empty )
	( e1186, n65, n410, empty )
	( e1187, n243, n115, empty )
	( e1188, n243, n116, empty )
	( e1189, n115, n245, empty )
	( e1190, n245, n243, empty )
	( e1191, n116, n246, empty )
	( e1192, n246, n243, empty )
	( e1193, n246, n245, empty )
	( e1194, n245, n39, empty )
	( e1195, n39, n246, empty )
	( e1196, n314, n131, empty )
	( e1197, n314, n132, empty )
	( e1198, n131, n312, empty )
	( e1199, n312, n314, empty )
	( e1200, n132, n313, empty )
	( e1201, n313, n314, empty )
	( e1202, n313, n312, empty )
	( e1203, n312, n38, empty )
	( e1204, n38, n313, empty )
	( e1205, n206, n142, empty )
	( e1206, n206, n40, empty )
	( e1207, n142, n204, empty )
	( e1208, n204, n206, empty )
	( e1209, n40, n205, empty )
	( e1210, n205, n206, empty )
	( e1211, n205, n204, empty )
	( e1212, n204, n144, empty )
	( e1213, n144, n205, empty )
	( e1214, n288, n75, empty )
	( e1215, n288, n49, empty )
	( e1216, n75, n290, empty )
	( e1217, n290, n288, empty )
	( e1218, n49, n291, empty )
	( e1219, n291, n288, empty )
	( e1220, n291, n290, empty )
	( e1221, n290, n73, empty )
	( e1222, n73, n291, empty )
]
