[
 (n1, empty # grey)
 (n2, empty # grey)
 (n3, empty # grey)
 (n4, empty # grey)
 (n5, empty # grey)
|
]
