[
	(n0, empty)
	(n1, empty)
	(n2, empty)
	(n3, empty)
	(n4, empty)
	(n5, empty)
	(n6, empty)
	(n7, empty)
	(n8, empty)
	(n9, empty)
|
	(e2, n0, n1, empty)
	(e3, n0, n2, empty)
	(e4, n0, n3, empty)
	(e5, n0, n4, empty)
	(e6, n0, n5, empty)
	(e7, n0, n6, empty)
	(e8, n0, n7, empty)
	(e9, n0, n8, empty)
	(e10, n0, n9, empty)
	(e101, n1, n2, empty)
	(e102, n1, n3, empty)
	(e103, n1, n4, empty)
	(e104, n1, n5, empty)
	(e105, n1, n6, empty)
	(e106, n1, n7, empty)
	(e107, n1, n8, empty)
	(e108, n1, n9, empty)
	(e4080, n8, n9, empty)
	(e4314, n6, n8, empty)
	(e4320, n6, n7, empty)
	(e4427, n5, n9, empty)
	(e4436, n5, n6, empty)
	(e4560, n4, n9, empty)
	(e4576, n4, n8, empty)
	(e4589, n5, n7, empty)
	(e4595, n7, n9, empty)
	(e4597, n5, n8, empty)
	(e4734, n3, n7, empty)
	(e4743, n3, n9, empty)
	(e4746, n3, n5, empty)
	(e4752, n3, n8, empty)
	(e4756, n3, n4, empty)
	(e4757, n4, n6, empty)
	(e4762, n3, n6, empty)
	(e4769, n4, n7, empty)
	(e4771, n7, n8, empty)
	(e4879, n6, n9, empty)
	(e4907, n2, n7, empty)
	(e4913, n2, n8, empty)
	(e4931, n2, n6, empty)
	(e4933, n2, n9, empty)
	(e4944, n2, n3, empty)
	(e4947, n2, n4, empty)
	(e4948, n4, n5, empty)
	(e4949, n2, n5, empty)
]
